[+] Entering foo(4 and 5 {7})
[-] Exiting foo = 5 * 5
